---
source: crates/gorani_lex/src/lib.rs
expression: tokens
---
[
    (
        COMMENT,
        5,
        "# foo",
    ),
]
